/usr/local/lib/python3.10/site-packages/mmcv/cnn/bricks/transformer.py:33: UserWarning: Fail to import ``MultiScaleDeformableAttention`` from ``mmcv.ops.multi_scale_deform_attn``, You should install ``mmcv`` rather than ``mmcv-lite`` if you need this module. 
  warnings.warn('Fail to import ``MultiScaleDeformableAttention`` from '
Traceback (most recent call last):
  File "/usr/local/lib/python3.10/runpy.py", line 196, in _run_module_as_main
    return _run_code(code, main_globals, None,
  File "/usr/local/lib/python3.10/runpy.py", line 86, in _run_code
    exec(code, run_globals)
  File "/data/src/pose_estimation.py", line 4, in <module>
    from mmpose.apis import MMPoseInferencer
  File "/usr/local/lib/python3.10/site-packages/mmpose/apis/__init__.py", line 2, in <module>
    from .inference import (collect_multi_frames, inference_bottomup,
  File "/usr/local/lib/python3.10/site-packages/mmpose/apis/inference.py", line 17, in <module>
    from mmpose.models.builder import build_pose_estimator
  File "/usr/local/lib/python3.10/site-packages/mmpose/models/__init__.py", line 8, in <module>
    from .heads import *  # noqa
  File "/usr/local/lib/python3.10/site-packages/mmpose/models/heads/__init__.py", line 11, in <module>
    from .transformer_heads import EDPoseHead
  File "/usr/local/lib/python3.10/site-packages/mmpose/models/heads/transformer_heads/__init__.py", line 2, in <module>
    from .edpose_head import EDPoseHead
  File "/usr/local/lib/python3.10/site-packages/mmpose/models/heads/transformer_heads/edpose_head.py", line 14, in <module>
    from mmcv.ops import MultiScaleDeformableAttention
  File "/usr/local/lib/python3.10/site-packages/mmcv/ops/__init__.py", line 3, in <module>
    from .active_rotated_filter import active_rotated_filter
  File "/usr/local/lib/python3.10/site-packages/mmcv/ops/active_rotated_filter.py", line 10, in <module>
    ext_module = ext_loader.load_ext(
  File "/usr/local/lib/python3.10/site-packages/mmcv/utils/ext_loader.py", line 13, in load_ext
    ext = importlib.import_module('mmcv.' + name)
  File "/usr/local/lib/python3.10/importlib/__init__.py", line 126, in import_module
    return _bootstrap._gcd_import(name[level:], package, level)
ModuleNotFoundError: No module named 'mmcv._ext'
